Saving log to: /mnt/optimusmesh/checkingfiles/assignment3_python/outputs/multimodal_gated_emotion/logs/multimodal_gated_emotion_20260425_161916.log
/mnt/optimusmesh/checkingfiles/assignment3_python/multimodal_gated_common.py:22: FutureWarning: You are using `torch.load` with `weights_only=False` (the current default value), which uses the default pickle module implicitly. It is possible to construct malicious pickle data which will execute arbitrary code during unpickling (See https://github.com/pytorch/pytorch/blob/main/SECURITY.md#untrusted-models for more details). In a future release, the default value for `weights_only` will be flipped to `True`. This limits the functions that could be executed during unpickling. Arbitrary objects will no longer be allowed to be loaded via this mode unless they are explicitly allowlisted by the user via `torch.serialization.add_safe_globals`. We recommend you start setting `weights_only=True` for any use case where you don't have full control of the loaded file. Please open an issue on GitHub for any issues related to this experimental feature.
  return torch.load(path, map_location="cpu")
Running multimodal gated emotion on device: cuda
Modalities: ['text', 'audio', 'face', 'video']
This workspace uses the class-balanced MELD subset files tagged '20', which actually correspond to the 15% subset used for Assignment 3.
Common train ids: 1494
Common dev ids: 163
Common test ids: 389
Input dimensions: {'text': 768, 'audio': 768, 'face': 512, 'video': 1280}

Epoch 1/5
Train Loss: 0.9698 | Train Acc: 0.6847
Dev   Loss: 1.6080 | Dev Acc: 0.5706 | Dev Macro-F1: 0.3665 | Dev Weighted-F1: 0.5529
Dev modality weights: {'text': 0.9997076110605814, 'audio': 2.7064362609996177e-06, 'face': 0.0002896841003008164, 'video': 3.144294808842896e-09}
Saved best model to /mnt/optimusmesh/checkingfiles/assignment3_python/outputs/multimodal_gated_emotion/best_multimodal_gated_emotion.pt using dev macro_f1=0.3665

Epoch 2/5
Train Loss: 0.8041 | Train Acc: 0.7383
Dev   Loss: 1.4538 | Dev Acc: 0.5828 | Dev Macro-F1: 0.3840 | Dev Weighted-F1: 0.5668
Dev modality weights: {'text': 0.9998177516679823, 'audio': 2.868487318703905e-07, 'face': 0.00018195220420317028, 'video': 9.901405469213717e-10}
Saved best model to /mnt/optimusmesh/checkingfiles/assignment3_python/outputs/multimodal_gated_emotion/best_multimodal_gated_emotion.pt using dev macro_f1=0.3840

Epoch 3/5
Train Loss: 0.7687 | Train Acc: 0.7584
Dev   Loss: 1.9803 | Dev Acc: 0.5828 | Dev Macro-F1: 0.3827 | Dev Weighted-F1: 0.5680
Dev modality weights: {'text': 0.9998941743300737, 'audio': 3.550374259998674e-07, 'face': 0.00010549666817468574, 'video': 5.292444274240736e-10}

Epoch 4/5
Train Loss: 0.7350 | Train Acc: 0.7744
Dev   Loss: 1.8179 | Dev Acc: 0.5828 | Dev Macro-F1: 0.3682 | Dev Weighted-F1: 0.5577
Dev modality weights: {'text': 0.9998705884430306, 'audio': 1.8488376903056013e-09, 'face': 0.00012941252944799586, 'video': 1.8859547080130933e-09}

Epoch 5/5
Train Loss: 0.6695 | Train Acc: 0.7825
Dev   Loss: 1.8459 | Dev Acc: 0.5706 | Dev Macro-F1: 0.3634 | Dev Weighted-F1: 0.5520
Dev modality weights: {'text': 0.9999694941234003, 'audio': 5.2176326355912534e-11, 'face': 3.0502470826553008e-05, 'video': 4.24122923448067e-08}
/mnt/optimusmesh/checkingfiles/assignment3_python/multimodal_gated_common.py:345: FutureWarning: You are using `torch.load` with `weights_only=False` (the current default value), which uses the default pickle module implicitly. It is possible to construct malicious pickle data which will execute arbitrary code during unpickling (See https://github.com/pytorch/pytorch/blob/main/SECURITY.md#untrusted-models for more details). In a future release, the default value for `weights_only` will be flipped to `True`. This limits the functions that could be executed during unpickling. Arbitrary objects will no longer be allowed to be loaded via this mode unless they are explicitly allowlisted by the user via `torch.serialization.add_safe_globals`. We recommend you start setting `weights_only=True` for any use case where you don't have full control of the loaded file. Please open an issue on GitHub for any issues related to this experimental feature.
  model.load_state_dict(torch.load(best_path, map_location=device))

========== FINAL RESULTS ==========

TRAIN
Loss: 0.5349 | Accuracy: 0.8333 | Macro-F1: 0.6036 | Weighted-F1: 0.8177
Average modality weights: {'text': 0.999809524301225, 'audio': 3.034052948336408e-07, 'face': 0.00019018109180307492, 'video': 1.0612352769574728e-09}
              precision    recall  f1-score   support

       anger     0.6340    0.7410    0.6833       166
     disgust     0.7143    0.1250    0.2128        40
        fear     1.0000    0.0250    0.0488        40
         joy     0.8447    0.8544    0.8495       261
     neutral     0.9123    0.9447    0.9282       705
     sadness     0.5913    0.6667    0.6267       102
    surprise     0.8689    0.8833    0.8760       180

    accuracy                         0.8333      1494
   macro avg     0.7951    0.6057    0.6036      1494
weighted avg     0.8395    0.8333    0.8177      1494

DEV
Loss: 1.4538 | Accuracy: 0.5828 | Macro-F1: 0.3840 | Weighted-F1: 0.5668
Average modality weights: {'text': 0.9998177516679823, 'audio': 2.868487318703905e-07, 'face': 0.00018195220420317028, 'video': 9.901405469213717e-10}
              precision    recall  f1-score   support

       anger     0.3810    0.3636    0.3721        22
     disgust     0.0000    0.0000    0.0000         3
        fear     0.0000    0.0000    0.0000         6
         joy     0.5000    0.6667    0.5714        24
     neutral     0.7143    0.7143    0.7143        70
     sadness     0.3529    0.3750    0.3636        16
    surprise     0.6522    0.6818    0.6667        22

    accuracy                         0.5828       163
   macro avg     0.3715    0.4002    0.3840       163
weighted avg     0.5545    0.5828    0.5668       163

TEST
Loss: 1.4175 | Accuracy: 0.6067 | Macro-F1: 0.3680 | Weighted-F1: 0.5961
Average modality weights: {'text': 0.9997939217672863, 'audio': 3.2910944211746314e-07, 'face': 0.0002057473673509161, 'video': 1.1512773938980609e-09}
              precision    recall  f1-score   support

       anger     0.4118    0.4118    0.4118        51
     disgust     0.0000    0.0000    0.0000        10
        fear     0.0000    0.0000    0.0000         7
         joy     0.6271    0.6167    0.6218        60
     neutral     0.7565    0.7766    0.7664       188
     sadness     0.2727    0.2903    0.2812        31
    surprise     0.4510    0.5476    0.4946        42

    accuracy                         0.6067       389
   macro avg     0.3599    0.3776    0.3680       389
weighted avg     0.5867    0.6067    0.5961       389


Saved metrics json to: /mnt/optimusmesh/checkingfiles/assignment3_python/outputs/multimodal_gated_emotion/metrics.json
All outputs saved in: /mnt/optimusmesh/checkingfiles/assignment3_python/outputs/multimodal_gated_emotion
Completed run. Log saved to: /mnt/optimusmesh/checkingfiles/assignment3_python/outputs/multimodal_gated_emotion/logs/multimodal_gated_emotion_20260425_161916.log
