Saving log to: /mnt/optimusmesh/checkingfiles/assignment3_python/outputs/multimodal_gated_sentiment/logs/multimodal_gated_sentiment_20260425_161907.log
/mnt/optimusmesh/checkingfiles/assignment3_python/multimodal_gated_common.py:22: FutureWarning: You are using `torch.load` with `weights_only=False` (the current default value), which uses the default pickle module implicitly. It is possible to construct malicious pickle data which will execute arbitrary code during unpickling (See https://github.com/pytorch/pytorch/blob/main/SECURITY.md#untrusted-models for more details). In a future release, the default value for `weights_only` will be flipped to `True`. This limits the functions that could be executed during unpickling. Arbitrary objects will no longer be allowed to be loaded via this mode unless they are explicitly allowlisted by the user via `torch.serialization.add_safe_globals`. We recommend you start setting `weights_only=True` for any use case where you don't have full control of the loaded file. Please open an issue on GitHub for any issues related to this experimental feature.
  return torch.load(path, map_location="cpu")
Running multimodal gated sentiment on device: cuda
Modalities: ['text', 'audio', 'face', 'video']
This workspace uses the class-balanced MELD subset files tagged '20', which actually correspond to the 15% subset used for Assignment 3.
Common train ids: 814
Common dev ids: 84
Common test ids: 219
Input dimensions: {'text': 768, 'audio': 768, 'face': 512, 'video': 1280}

Epoch 1/5
Train Loss: 0.3954 | Train Acc: 0.8686
Dev   Loss: 0.4469 | Dev Acc: 0.8333 | Dev Macro-F1: 0.6317 | Dev Weighted-F1: 0.8569
Dev modality weights: {'text': 0.9996704828171503, 'audio': 7.056301824160896e-06, 'face': 0.0003102468326687813, 'video': 1.2192432699348068e-05}
Saved best model to /mnt/optimusmesh/checkingfiles/assignment3_python/outputs/multimodal_gated_sentiment/best_multimodal_gated_sentiment.pt using dev macro_f1=0.6317

Epoch 2/5
Train Loss: 0.2765 | Train Acc: 0.9115
Dev   Loss: 0.3525 | Dev Acc: 0.8452 | Dev Macro-F1: 0.5244 | Dev Weighted-F1: 0.8427
Dev modality weights: {'text': 0.9999757267179943, 'audio': 1.142719297387798e-07, 'face': 2.320691765773864e-05, 'video': 9.286042465343295e-07}

Epoch 3/5
Train Loss: 0.2467 | Train Acc: 0.9214
Dev   Loss: 0.4495 | Dev Acc: 0.8452 | Dev Macro-F1: 0.6278 | Dev Weighted-F1: 0.8580
Dev modality weights: {'text': 0.999773139045352, 'audio': 4.207083612700877e-08, 'face': 0.00022674950083629008, 'video': 8.84179742332067e-08}

Epoch 4/5
Train Loss: 0.2559 | Train Acc: 0.9115
Dev   Loss: 0.5421 | Dev Acc: 0.8214 | Dev Macro-F1: 0.6639 | Dev Weighted-F1: 0.8448
Dev modality weights: {'text': 0.9996138073149181, 'audio': 4.725262773656406e-11, 'face': 0.00038559727060298127, 'video': 5.972723491660352e-07}
Saved best model to /mnt/optimusmesh/checkingfiles/assignment3_python/outputs/multimodal_gated_sentiment/best_multimodal_gated_sentiment.pt using dev macro_f1=0.6639

Epoch 5/5
Train Loss: 0.2274 | Train Acc: 0.9214
Dev   Loss: 0.4087 | Dev Acc: 0.8333 | Dev Macro-F1: 0.5879 | Dev Weighted-F1: 0.8455
Dev modality weights: {'text': 0.9998937334333148, 'audio': 4.780779112536916e-12, 'face': 0.00010625105850132448, 'video': 4.022830069061456e-08}
/mnt/optimusmesh/checkingfiles/assignment3_python/multimodal_gated_common.py:345: FutureWarning: You are using `torch.load` with `weights_only=False` (the current default value), which uses the default pickle module implicitly. It is possible to construct malicious pickle data which will execute arbitrary code during unpickling (See https://github.com/pytorch/pytorch/blob/main/SECURITY.md#untrusted-models for more details). In a future release, the default value for `weights_only` will be flipped to `True`. This limits the functions that could be executed during unpickling. Arbitrary objects will no longer be allowed to be loaded via this mode unless they are explicitly allowlisted by the user via `torch.serialization.add_safe_globals`. We recommend you start setting `weights_only=True` for any use case where you don't have full control of the loaded file. Please open an issue on GitHub for any issues related to this experimental feature.
  model.load_state_dict(torch.load(best_path, map_location=device))

========== FINAL RESULTS ==========

TRAIN
Loss: 0.1688 | Accuracy: 0.9337 | Macro-F1: 0.8223 | Weighted-F1: 0.9366
Average modality weights: {'text': 0.9997635801535567, 'audio': 2.9716551837328084e-11, 'face': 0.00023603716067722665, 'video': 3.74714364050806e-07}
              precision    recall  f1-score   support

    negative     0.6338    0.8036    0.7087        56
     neutral     0.9796    0.9518    0.9655       705
    positive     0.7586    0.8302    0.7928        53

    accuracy                         0.9337       814
   macro avg     0.7907    0.8618    0.8223       814
weighted avg     0.9414    0.9337    0.9366       814

DEV
Loss: 0.5421 | Accuracy: 0.8214 | Macro-F1: 0.6639 | Weighted-F1: 0.8448
Average modality weights: {'text': 0.9996138073149181, 'audio': 4.725262773656406e-11, 'face': 0.00038559727060298127, 'video': 5.972723491660352e-07}
              precision    recall  f1-score   support

    negative     0.5000    0.7273    0.5926        11
     neutral     0.9831    0.8286    0.8992        70
    positive     0.3333    1.0000    0.5000         3

    accuracy                         0.8214        84
   macro avg     0.6055    0.8519    0.6639        84
weighted avg     0.8966    0.8214    0.8448        84

TEST
Loss: 0.4926 | Accuracy: 0.8539 | Macro-F1: 0.6285 | Weighted-F1: 0.8630
Average modality weights: {'text': 0.9997365768641642, 'audio': 3.379549329375702e-11, 'face': 0.00026299751929292393, 'video': 4.270276758481204e-07}
              precision    recall  f1-score   support

    negative     0.5000    0.4545    0.4762        22
     neutral     0.9497    0.9043    0.9264       188
    positive     0.3500    0.7778    0.4828         9

    accuracy                         0.8539       219
   macro avg     0.5999    0.7122    0.6285       219
weighted avg     0.8799    0.8539    0.8630       219


Saved metrics json to: /mnt/optimusmesh/checkingfiles/assignment3_python/outputs/multimodal_gated_sentiment/metrics.json
All outputs saved in: /mnt/optimusmesh/checkingfiles/assignment3_python/outputs/multimodal_gated_sentiment
Completed run. Log saved to: /mnt/optimusmesh/checkingfiles/assignment3_python/outputs/multimodal_gated_sentiment/logs/multimodal_gated_sentiment_20260425_161907.log
