Saving log to: /mnt/optimusmesh/checkingfiles/fusion_outputs_emotion/logs/fusion_emotion_20260421_151116.log
/mnt/optimusmesh/checkingfiles/train_fusion_emotion.py:69: FutureWarning: You are using `torch.load` with `weights_only=False` (the current default value), which uses the default pickle module implicitly. It is possible to construct malicious pickle data which will execute arbitrary code during unpickling (See https://github.com/pytorch/pytorch/blob/main/SECURITY.md#untrusted-models for more details). In a future release, the default value for `weights_only` will be flipped to `True`. This limits the functions that could be executed during unpickling. Arbitrary objects will no longer be allowed to be loaded via this mode unless they are explicitly allowlisted by the user via `torch.serialization.add_safe_globals`. We recommend you start setting `weights_only=True` for any use case where you don't have full control of the loaded file. Please open an issue on GitHub for any issues related to this experimental feature.
  return torch.load(path, map_location="cpu")
Common train ids: 1494
Common dev ids  : 163
Common test ids : 389
Fusion input dim: 3328

Epoch 1/5
Train Loss: 0.7294 | Train Acc: 0.7697
Dev   Loss: 1.3745 | Dev   Acc: 0.5890
Saved best model to /mnt/optimusmesh/checkingfiles/fusion_outputs_emotion/best_fusion_emotion.pt

Epoch 2/5
Train Loss: 0.6512 | Train Acc: 0.8039
Dev   Loss: 1.3704 | Dev   Acc: 0.5521

Epoch 3/5
Train Loss: 0.6111 | Train Acc: 0.8199
Dev   Loss: 1.4371 | Dev   Acc: 0.5521

Epoch 4/5
Train Loss: 0.5988 | Train Acc: 0.8133
Dev   Loss: 1.5261 | Dev   Acc: 0.6012
Saved best model to /mnt/optimusmesh/checkingfiles/fusion_outputs_emotion/best_fusion_emotion.pt

Epoch 5/5
Train Loss: 0.5644 | Train Acc: 0.8286
Dev   Loss: 1.5269 | Dev   Acc: 0.5644
/mnt/optimusmesh/checkingfiles/train_fusion_emotion.py:277: FutureWarning: You are using `torch.load` with `weights_only=False` (the current default value), which uses the default pickle module implicitly. It is possible to construct malicious pickle data which will execute arbitrary code during unpickling (See https://github.com/pytorch/pytorch/blob/main/SECURITY.md#untrusted-models for more details). In a future release, the default value for `weights_only` will be flipped to `True`. This limits the functions that could be executed during unpickling. Arbitrary objects will no longer be allowed to be loaded via this mode unless they are explicitly allowlisted by the user via `torch.serialization.add_safe_globals`. We recommend you start setting `weights_only=True` for any use case where you don't have full control of the loaded file. Please open an issue on GitHub for any issues related to this experimental feature.
  model.load_state_dict(torch.load(best_path, map_location=DEVICE))

========== FINAL RESULTS: FUSION EMOTION ==========

TRAIN
Loss: 0.5988
Accuracy: 0.8133
              precision    recall  f1-score   support

       anger     0.5593    0.7952    0.6567       166
     disgust     0.0000    0.0000    0.0000        40
        fear     0.0000    0.0000    0.0000        40
         joy     0.8264    0.8391    0.8327       261
     neutral     0.8855    0.9546    0.9188       705
     sadness     0.6421    0.5980    0.6193       102
    surprise     0.9420    0.7222    0.8176       180

    accuracy                         0.8133      1494
   macro avg     0.5508    0.5584    0.5493      1494
weighted avg     0.7817    0.8133    0.7928      1494

DEV
Loss: 1.5261
Accuracy: 0.6012
              precision    recall  f1-score   support

       anger     0.3214    0.4091    0.3600        22
     disgust     0.0000    0.0000    0.0000         3
        fear     0.0000    0.0000    0.0000         6
         joy     0.5172    0.6250    0.5660        24
     neutral     0.7162    0.7571    0.7361        70
     sadness     0.4000    0.3750    0.3871        16
    surprise     0.8824    0.6818    0.7692        22

    accuracy                         0.6012       163
   macro avg     0.4053    0.4069    0.4026       163
weighted avg     0.5855    0.6012    0.5899       163

TEST
Loss: 1.4016
Accuracy: 0.6401
              precision    recall  f1-score   support

       anger     0.4310    0.4902    0.4587        51
     disgust     0.0000    0.0000    0.0000        10
        fear     0.0000    0.0000    0.0000         7
         joy     0.6452    0.6667    0.6557        60
     neutral     0.7418    0.8404    0.7880       188
     sadness     0.3043    0.2258    0.2593        31
    surprise     0.5758    0.4524    0.5067        42

    accuracy                         0.6401       389
   macro avg     0.3854    0.3822    0.3812       389
weighted avg     0.6009    0.6401    0.6175       389

Saved metrics json to: /mnt/optimusmesh/checkingfiles/results/fusion_emotion_metrics.json

All outputs saved in: /mnt/optimusmesh/checkingfiles/fusion_outputs_emotion
