Saving log to: /mnt/optimusmesh/checkingfiles/fusion_outputs_sentiment/logs/fusion_sentiment_20260421_151349.log
/mnt/optimusmesh/checkingfiles/train_fusion_sentiment.py:65: FutureWarning: You are using `torch.load` with `weights_only=False` (the current default value), which uses the default pickle module implicitly. It is possible to construct malicious pickle data which will execute arbitrary code during unpickling (See https://github.com/pytorch/pytorch/blob/main/SECURITY.md#untrusted-models for more details). In a future release, the default value for `weights_only` will be flipped to `True`. This limits the functions that could be executed during unpickling. Arbitrary objects will no longer be allowed to be loaded via this mode unless they are explicitly allowlisted by the user via `torch.serialization.add_safe_globals`. We recommend you start setting `weights_only=True` for any use case where you don't have full control of the loaded file. Please open an issue on GitHub for any issues related to this experimental feature.
  return torch.load(path, map_location="cpu")
Common train ids: 814
Common dev ids  : 84
Common test ids : 219
Fusion input dim: 3328

Epoch 1/5
Train Loss: 0.2846 | Train Acc: 0.8833
Dev   Loss: 0.4563 | Dev   Acc: 0.7619
Saved best model to /mnt/optimusmesh/checkingfiles/fusion_outputs_sentiment/best_fusion_sentiment.pt

Epoch 2/5
Train Loss: 0.2586 | Train Acc: 0.9017
Dev   Loss: 0.3309 | Dev   Acc: 0.8452
Saved best model to /mnt/optimusmesh/checkingfiles/fusion_outputs_sentiment/best_fusion_sentiment.pt

Epoch 3/5
Train Loss: 0.2059 | Train Acc: 0.9337
Dev   Loss: 0.3197 | Dev   Acc: 0.8452

Epoch 4/5
Train Loss: 0.2307 | Train Acc: 0.9275
Dev   Loss: 0.3708 | Dev   Acc: 0.8452

Epoch 5/5
Train Loss: 0.1988 | Train Acc: 0.9312
Dev   Loss: 0.4238 | Dev   Acc: 0.8333
/mnt/optimusmesh/checkingfiles/train_fusion_sentiment.py:273: FutureWarning: You are using `torch.load` with `weights_only=False` (the current default value), which uses the default pickle module implicitly. It is possible to construct malicious pickle data which will execute arbitrary code during unpickling (See https://github.com/pytorch/pytorch/blob/main/SECURITY.md#untrusted-models for more details). In a future release, the default value for `weights_only` will be flipped to `True`. This limits the functions that could be executed during unpickling. Arbitrary objects will no longer be allowed to be loaded via this mode unless they are explicitly allowlisted by the user via `torch.serialization.add_safe_globals`. We recommend you start setting `weights_only=True` for any use case where you don't have full control of the loaded file. Please open an issue on GitHub for any issues related to this experimental feature.
  model.load_state_dict(torch.load(best_path, map_location=DEVICE))

========== FINAL RESULTS: FUSION SENTIMENT ==========

TRAIN
Loss: 0.2586
Accuracy: 0.9017
              precision    recall  f1-score   support

    negative     1.0000    0.1071    0.1935        56
     neutral     0.9013    0.9972    0.9468       705
    positive     0.8929    0.4717    0.6173        53

    accuracy                         0.9017       814
   macro avg     0.9314    0.5253    0.5859       814
weighted avg     0.9075    0.9017    0.8735       814

DEV
Loss: 0.3309
Accuracy: 0.8452
              precision    recall  f1-score   support

    negative     0.6667    0.1818    0.2857        11
     neutral     0.8519    0.9857    0.9139        70
    positive     0.0000    0.0000    0.0000         3

    accuracy                         0.8452        84
   macro avg     0.5062    0.3892    0.3999        84
weighted avg     0.7972    0.8452    0.7990        84

TEST
Loss: 0.4332
Accuracy: 0.8721
              precision    recall  f1-score   support

    negative     1.0000    0.0455    0.0870        22
     neutral     0.8857    0.9894    0.9347       188
    positive     0.5000    0.4444    0.4706         9

    accuracy                         0.8721       219
   macro avg     0.7952    0.4931    0.4974       219
weighted avg     0.8813    0.8721    0.8304       219

Saved metrics json to: /mnt/optimusmesh/checkingfiles/results/fusion_sentiment_metrics.json

All outputs saved in: /mnt/optimusmesh/checkingfiles/fusion_outputs_sentiment
